\BOOKMARK [0][-]{chapter*.4}{\376\377\000E\000x\000e\000c\000u\000t\000i\000v\000e\000\040\000S\000u\000m\000m\000a\000r\000y}{}% 1
\BOOKMARK [-1][-]{part.1}{\376\377\000I\000\040\000T\000e\000c\000h\000n\000i\000c\000a\000l\000\040\000R\000e\000p\000o\000r\000t}{}% 2
\BOOKMARK [0][-]{chapter.1}{\376\377\000P\000r\000o\000b\000l\000e\000m\000\040\000s\000t\000a\000t\000e\000m\000e\000n\000t}{part.1}% 3
\BOOKMARK [1][-]{section.1.1}{\376\377\000M\000o\000t\000i\000v\000a\000t\000i\000o\000n}{chapter.1}% 4
\BOOKMARK [1][-]{section.1.2}{\376\377\000P\000r\000o\000b\000l\000e\000m\000\040\000d\000e\000f\000i\000n\000i\000t\000i\000o\000n}{chapter.1}% 5
\BOOKMARK [1][-]{section.1.3}{\376\377\000S\000c\000i\000e\000n\000t\000i\000f\000i\000c\000\040\000l\000i\000m\000i\000t\000s}{chapter.1}% 6
\BOOKMARK [0][-]{chapter.2}{\376\377\000P\000r\000o\000p\000o\000s\000e\000d\000\040\000s\000o\000l\000u\000t\000i\000o\000n}{part.1}% 7
\BOOKMARK [1][-]{section.2.1}{\376\377\000S\000y\000s\000t\000e\000m\000\040\000a\000r\000c\000h\000i\000t\000e\000c\000t\000u\000r\000e}{chapter.2}% 8
\BOOKMARK [1][-]{section.2.2}{\376\377\000S\000t\000a\000g\000e\000-\000b\000y\000-\000s\000t\000a\000g\000e\000\040\000d\000e\000s\000c\000r\000i\000p\000t\000i\000o\000n}{chapter.2}% 9
\BOOKMARK [1][-]{section.2.3}{\376\377\000D\000a\000t\000a\000\040\000a\000s\000s\000e\000t\000s}{chapter.2}% 10
\BOOKMARK [1][-]{section.2.4}{\376\377\000C\000o\000d\000e\000\040\000s\000t\000r\000u\000c\000t\000u\000r\000e}{chapter.2}% 11
\BOOKMARK [0][-]{chapter.3}{\376\377\000E\000x\000p\000e\000r\000i\000m\000e\000n\000t\000a\000l\000\040\000r\000e\000s\000u\000l\000t\000s}{part.1}% 12
\BOOKMARK [1][-]{section.3.1}{\376\377\000R\000e\000f\000e\000r\000e\000n\000c\000e\000\040\000c\000a\000m\000p\000a\000i\000g\000n\000:\000\040\000W\040\023\000C\000\040\000r\000e\000f\000r\000a\000c\000t\000o\000r\000y\000\040\000c\000a\000r\000b\000i\000d\000e\000s}{chapter.3}% 13
\BOOKMARK [1][-]{section.3.2}{\376\377\000T\000o\000p\000-\0005\000\040\000r\000a\000n\000k\000e\000d\000\040\000M\000L\000-\000t\000h\000e\000r\000m\000a\000l\000\040\000c\000a\000n\000d\000i\000d\000a\000t\000e\000s}{chapter.3}% 14
\BOOKMARK [1][-]{section.3.3}{\376\377\000R\000u\000n\000t\000i\000m\000e\000\040\000b\000e\000n\000c\000h\000m\000a\000r\000k\000s}{chapter.3}% 15
\BOOKMARK [1][-]{section.3.4}{\376\377\000E\000n\000d\000-\000t\000o\000-\000e\000n\000d\000\040\000s\000m\000o\000k\000e\000\040\000t\000e\000s\000t}{chapter.3}% 16
\BOOKMARK [0][-]{chapter.4}{\376\377\000D\000i\000s\000c\000u\000s\000s\000i\000o\000n}{part.1}% 17
\BOOKMARK [1][-]{section.4.1}{\376\377\000S\000t\000r\000e\000n\000g\000t\000h\000s}{chapter.4}% 18
\BOOKMARK [1][-]{section.4.2}{\376\377\000L\000i\000m\000i\000t\000a\000t\000i\000o\000n\000s}{chapter.4}% 19
\BOOKMARK [1][-]{section.4.3}{\376\377\000F\000u\000t\000u\000r\000e\000\040\000w\000o\000r\000k}{chapter.4}% 20
\BOOKMARK [-1][-]{part.2}{\376\377\000I\000I\000\040\000B\000u\000s\000i\000n\000e\000s\000s\000\040\000P\000l\000a\000n}{}% 21
\BOOKMARK [0][-]{chapter.5}{\376\377\000P\000r\000o\000d\000u\000c\000t\000\040\000a\000n\000d\000\040\000m\000a\000r\000k\000e\000t}{part.2}% 22
\BOOKMARK [1][-]{section.5.1}{\376\377\000P\000r\000o\000d\000u\000c\000t\000\040\000p\000o\000s\000i\000t\000i\000o\000n\000i\000n\000g}{chapter.5}% 23
\BOOKMARK [1][-]{section.5.2}{\376\377\000T\000a\000r\000g\000e\000t\000\040\000c\000u\000s\000t\000o\000m\000e\000r\000\040\000s\000e\000g\000m\000e\000n\000t\000s}{chapter.5}% 24
\BOOKMARK [1][-]{section.5.3}{\376\377\000T\000o\000t\000a\000l\000\040\000a\000d\000d\000r\000e\000s\000s\000a\000b\000l\000e\000\040\000m\000a\000r\000k\000e\000t}{chapter.5}% 25
\BOOKMARK [0][-]{chapter.6}{\376\377\000C\000o\000s\000t\000\040\000a\000n\000a\000l\000y\000s\000i\000s}{part.2}% 26
\BOOKMARK [1][-]{section.6.1}{\376\377\000U\000n\000i\000t\000\040\000e\000c\000o\000n\000o\000m\000i\000c\000s}{chapter.6}% 27
\BOOKMARK [1][-]{section.6.2}{\376\377\000P\000r\000i\000c\000i\000n\000g\000\040\000m\000o\000d\000e\000l}{chapter.6}% 28
\BOOKMARK [0][-]{chapter.7}{\376\377\000R\000i\000s\000k\000\040\000a\000n\000a\000l\000y\000s\000i\000s\000\040\000a\000n\000d\000\040\000m\000i\000t\000i\000g\000a\000t\000i\000o\000n}{part.2}% 29
\BOOKMARK [1][-]{section.7.1}{\376\377\000E\000x\000i\000t\000\040\000s\000t\000r\000a\000t\000e\000g\000y}{chapter.7}% 30
\BOOKMARK [0][-]{chapter.8}{\376\377\000C\000o\000n\000c\000l\000u\000s\000i\000o\000n}{part.2}% 31
\BOOKMARK [0][-]{appendix.A}{\376\377\000R\000e\000p\000o\000s\000i\000t\000o\000r\000y\000\040\000m\000a\000p}{part.2}% 32
\BOOKMARK [0][-]{appendix.B}{\376\377\000R\000e\000p\000r\000o\000d\000u\000c\000i\000b\000i\000l\000i\000t\000y}{part.2}% 33
