\BOOKMARK [0][-]{chapter*.4}{\376\377\000E\000x\000e\000c\000u\000t\000i\000v\000e\000\040\000S\000u\000m\000m\000a\000r\000y\000\040\000/\000\040\000T\000\363\000m\000\040\000t\036\257\000t\000\040\001\021\000i\036\301\000u\000\040\000h\000\340\000n\000h}{}% 1
\BOOKMARK [-1][-]{part.1}{\376\377\000I\000\040\000T\000e\000c\000h\000n\000i\000c\000a\000l\000\040\000R\000e\000p\000o\000r\000t\000\040\000/\000\040\000B\000\341\000o\000\040\000c\000\341\000o\000\040\000k\036\371\000\040\000t\000h\000u\036\255\000t}{}% 2
\BOOKMARK [0][-]{chapter.1}{\376\377\000P\000r\000o\000b\000l\000e\000m\000\040\000s\000t\000a\000t\000e\000m\000e\000n\000t\000\040\000/\000\040\000P\000h\000\341\000t\000\040\000b\000i\036\303\000u\000\040\000b\000\340\000i\000\040\000t\000o\000\341\000n}{part.1}% 3
\BOOKMARK [1][-]{section.1.1}{\376\377\000M\000o\000t\000i\000v\000a\000t\000i\000o\000n\000\040\000/\000\040\001\020\036\331\000n\000g\000\040\000l\036\361\000c}{chapter.1}% 4
\BOOKMARK [1][-]{section.1.2}{\376\377\000P\000r\000o\000b\000l\000e\000m\000\040\000d\000e\000f\000i\000n\000i\000t\000i\000o\000n\000\040\000/\000\040\001\020\036\313\000n\000h\000\040\000n\000g\000h\001\051\000a\000\040\000b\000\340\000i\000\040\000t\000o\000\341\000n}{chapter.1}% 5
\BOOKMARK [1][-]{section.1.3}{\376\377\000S\000c\000i\000e\000n\000t\000i\000f\000i\000c\000\040\000l\000i\000m\000i\000t\000s\000\040\000/\000\040\000G\000i\036\333\000i\000\040\000h\036\241\000n\000\040\000k\000h\000o\000a\000\040\000h\036\315\000c}{chapter.1}% 6
\BOOKMARK [0][-]{chapter.2}{\376\377\000P\000r\000o\000p\000o\000s\000e\000d\000\040\000s\000o\000l\000u\000t\000i\000o\000n\000\040\000/\000\040\000G\000i\036\243\000i\000\040\000p\000h\000\341\000p\000\040\001\021\036\301\000\040\000x\000u\036\245\000t}{part.1}% 7
\BOOKMARK [1][-]{section.2.1}{\376\377\000S\000y\000s\000t\000e\000m\000\040\000a\000r\000c\000h\000i\000t\000e\000c\000t\000u\000r\000e\000\040\000/\000\040\000K\000i\036\277\000n\000\040\000t\000r\000\372\000c\000\040\000h\036\307\000\040\000t\000h\036\321\000n\000g}{chapter.2}% 8
\BOOKMARK [1][-]{section.2.2}{\376\377\000S\000t\000a\000g\000e\000-\000b\000y\000-\000s\000t\000a\000g\000e\000\040\000d\000e\000s\000c\000r\000i\000p\000t\000i\000o\000n\000\040\000/\000\040\000M\000\364\000\040\000t\036\243\000\040\000t\036\353\000n\000g\000\040\000g\000i\000a\000i\000\040\001\021\000o\036\241\000n}{chapter.2}% 9
\BOOKMARK [1][-]{section.2.3}{\376\377\000D\000a\000t\000a\000\040\000a\000s\000s\000e\000t\000s\000\040\000/\000\040\000T\000\340\000i\000\040\000s\036\243\000n\000\040\000d\036\357\000\040\000l\000i\036\307\000u}{chapter.2}% 10
\BOOKMARK [1][-]{section.2.4}{\376\377\000C\000o\000d\000e\000\040\000s\000t\000r\000u\000c\000t\000u\000r\000e\000\040\000/\000\040\000C\036\245\000u\000\040\000t\000r\000\372\000c\000\040\000m\000\343\000\040\000n\000g\000u\036\323\000n}{chapter.2}% 11
\BOOKMARK [0][-]{chapter.3}{\376\377\000E\000x\000p\000e\000r\000i\000m\000e\000n\000t\000a\000l\000\040\000r\000e\000s\000u\000l\000t\000s\000\040\000/\000\040\000K\036\277\000t\000\040\000q\000u\036\243\000\040\000t\000h\036\361\000c\000\040\000n\000g\000h\000i\036\307\000m}{part.1}% 12
\BOOKMARK [1][-]{section.3.1}{\376\377\000R\000e\000f\000e\000r\000e\000n\000c\000e\000\040\000c\000a\000m\000p\000a\000i\000g\000n\000:\000\040\000W\040\023\000C\000\040\000r\000e\000f\000r\000a\000c\000t\000o\000r\000y\000\040\000c\000a\000r\000b\000i\000d\000e\000s\000\040\000/\000\040\000C\000h\000i\036\277\000n\000\040\000d\036\313\000c\000h\000\040\000t\000h\000a\000m\000\040\000c\000h\000i\036\277\000u}{chapter.3}% 13
\BOOKMARK [1][-]{section.3.2}{\376\377\000T\000o\000p\000-\0005\000\040\000r\000a\000n\000k\000e\000d\000\040\000M\000L\000-\000t\000h\000e\000r\000m\000a\000l\000\040\000c\000a\000n\000d\000i\000d\000a\000t\000e\000s\000\040\000/\000\040\000T\000o\000p\000\040\0005\000\040\036\351\000n\000g\000\040\000v\000i\000\352\000n}{chapter.3}% 14
\BOOKMARK [1][-]{section.3.3}{\376\377\000R\000u\000n\000t\000i\000m\000e\000\040\000b\000e\000n\000c\000h\000m\000a\000r\000k\000s\000\040\000/\000\040\001\020\000o\000\040\000t\000h\036\335\000i\000\040\000g\000i\000a\000n}{chapter.3}% 15
\BOOKMARK [1][-]{section.3.4}{\376\377\000E\000n\000d\000-\000t\000o\000-\000e\000n\000d\000\040\000s\000m\000o\000k\000e\000\040\000t\000e\000s\000t\000\040\000/\000\040\000K\000i\036\303\000m\000\040\000t\000h\036\355\000\040\001\021\036\247\000u\000\040\000c\000u\036\321\000i}{chapter.3}% 16
\BOOKMARK [0][-]{chapter.4}{\376\377\000D\000i\000s\000c\000u\000s\000s\000i\000o\000n\000\040\000/\000\040\000T\000h\036\243\000o\000\040\000l\000u\036\255\000n}{part.1}% 17
\BOOKMARK [1][-]{section.4.1}{\376\377\000S\000t\000r\000e\000n\000g\000t\000h\000s\000\040\000/\000\040\001\020\000i\036\303\000m\000\040\000m\036\241\000n\000h}{chapter.4}% 18
\BOOKMARK [1][-]{section.4.2}{\376\377\000L\000i\000m\000i\000t\000a\000t\000i\000o\000n\000s\000\040\000/\000\040\000H\036\241\000n\000\040\000c\000h\036\277}{chapter.4}% 19
\BOOKMARK [1][-]{section.4.3}{\376\377\000F\000u\000t\000u\000r\000e\000\040\000w\000o\000r\000k\000\040\000/\000\040\000H\001\260\036\333\000n\000g\000\040\000p\000h\000\341\000t\000\040\000t\000r\000i\036\303\000n}{chapter.4}% 20
\BOOKMARK [-1][-]{part.2}{\376\377\000I\000I\000\040\000B\000u\000s\000i\000n\000e\000s\000s\000\040\000P\000l\000a\000n\000\040\000/\000\040\000K\036\277\000\040\000h\000o\036\241\000c\000h\000\040\000k\000i\000n\000h\000\040\000d\000o\000a\000n\000h}{}% 21
\BOOKMARK [0][-]{chapter.5}{\376\377\000P\000r\000o\000d\000u\000c\000t\000\040\000a\000n\000d\000\040\000m\000a\000r\000k\000e\000t\000\040\000/\000\040\000S\036\243\000n\000\040\000p\000h\036\251\000m\000\040\000v\000\340\000\040\000t\000h\036\313\000\040\000t\000r\001\260\036\335\000n\000g}{part.2}% 22
\BOOKMARK [1][-]{section.5.1}{\376\377\000P\000r\000o\000d\000u\000c\000t\000\040\000p\000o\000s\000i\000t\000i\000o\000n\000i\000n\000g\000\040\000/\000\040\001\020\036\313\000n\000h\000\040\000v\036\313\000\040\000s\036\243\000n\000\040\000p\000h\036\251\000m}{chapter.5}% 23
\BOOKMARK [1][-]{section.5.2}{\376\377\000T\000a\000r\000g\000e\000t\000\040\000c\000u\000s\000t\000o\000m\000e\000r\000\040\000s\000e\000g\000m\000e\000n\000t\000s\000\040\000/\000\040\000P\000h\000\342\000n\000\040\000k\000h\000\372\000c\000\040\000k\000h\000\341\000c\000h\000\040\000h\000\340\000n\000g\000\040\000m\036\345\000c\000\040\000t\000i\000\352\000u}{chapter.5}% 24
\BOOKMARK [1][-]{section.5.3}{\376\377\000T\000o\000t\000a\000l\000\040\000a\000d\000d\000r\000e\000s\000s\000a\000b\000l\000e\000\040\000m\000a\000r\000k\000e\000t\000\040\000/\000\040\000T\000h\036\313\000\040\000t\000r\001\260\036\335\000n\000g\000\040\000k\000h\036\243\000\040\000d\001\051}{chapter.5}% 25
\BOOKMARK [0][-]{chapter.6}{\376\377\000C\000o\000s\000t\000\040\000a\000n\000a\000l\000y\000s\000i\000s\000\040\000/\000\040\000P\000h\000\342\000n\000\040\000t\000\355\000c\000h\000\040\000c\000h\000i\000\040\000p\000h\000\355}{part.2}% 26
\BOOKMARK [1][-]{section.6.1}{\376\377\000U\000n\000i\000t\000\040\000e\000c\000o\000n\000o\000m\000i\000c\000s\000\040\000/\000\040\000K\000i\000n\000h\000\040\000t\036\277\000\040\001\021\001\241\000n\000\040\000v\036\313}{chapter.6}% 27
\BOOKMARK [1][-]{section.6.2}{\376\377\000P\000r\000i\000c\000i\000n\000g\000\040\000m\000o\000d\000e\000l\000\040\000/\000\040\000M\000\364\000\040\000h\000\354\000n\000h\000\040\001\021\036\313\000n\000h\000\040\000g\000i\000\341}{chapter.6}% 28
\BOOKMARK [0][-]{chapter.7}{\376\377\000R\000i\000s\000k\000\040\000a\000n\000a\000l\000y\000s\000i\000s\000\040\000a\000n\000d\000\040\000m\000i\000t\000i\000g\000a\000t\000i\000o\000n\000\040\000/\000\040\000P\000h\000\342\000n\000\040\000t\000\355\000c\000h\000\040\000r\036\347\000i\000\040\000r\000o}{part.2}% 29
\BOOKMARK [1][-]{section.7.1}{\376\377\000E\000x\000i\000t\000\040\000s\000t\000r\000a\000t\000e\000g\000y\000\040\000/\000\040\000C\000h\000i\036\277\000n\000\040\000l\001\260\036\343\000c\000\040\000t\000h\000o\000\341\000i\000\040\000v\036\321\000n}{chapter.7}% 30
\BOOKMARK [0][-]{chapter.8}{\376\377\000C\000o\000n\000c\000l\000u\000s\000i\000o\000n\000\040\000/\000\040\000K\036\277\000t\000\040\000l\000u\036\255\000n}{part.2}% 31
\BOOKMARK [0][-]{appendix.A}{\376\377\000R\000e\000p\000o\000s\000i\000t\000o\000r\000y\000\040\000m\000a\000p\000\040\000/\000\040\000B\036\243\000n\000\040\001\021\036\323\000\040\000m\000\343\000\040\000n\000g\000u\036\323\000n}{part.2}% 32
\BOOKMARK [0][-]{appendix.B}{\376\377\000R\000e\000p\000r\000o\000d\000u\000c\000i\000b\000i\000l\000i\000t\000y\000\040\000/\000\040\000T\000\341\000i\000\040\000l\036\255\000p}{part.2}% 33
