
======================================================================
  PHASE 2 GENERATION PIPELINE — 'stable refractory tungsten carbide candidate'
======================================================================
  Requirement: stable refractory tungsten carbide candidate
  Filters: max_energy=0.0, include_elements=['W', 'C']
  Candidate domain filter: refractory_carbide_v1
  Device: cpu

============================================================
PHASE 1: RETRIEVAL — querying Neo4j knowledge graph
============================================================
  Dataset stats: 153 materials, energy range [-2.266, 1.432] eV/atom, median=-0.163

  Retrieved 5 known materials:
    MP_mp-1217128             Ti4WC5          E_form=-0.650 eV/atom
    MP_mp-1217115             Ti3WC4          E_form=-0.608 eV/atom
    MP_mp-1215364             Zr4WC5          E_form=-0.607 eV/atom
    MP_mp-1224191             HfWC2           E_form=-0.423 eV/atom
    MP_mp-1217819             TaTiWC3         E_form=-0.413 eV/atom

  Found 5 interpolation groups (compatible graph topologies for generation)

============================================================
PHASE 2: GENERATION — Graph VAE from prototype materials
============================================================
  Device: cpu
  Generation seed: 43
  Loaded VAE (latent_dim=64) from /Users/koiita/Downloads/ai-meterial/research/phase_2/models/vae_model.pt
  Loaded GNN from /Users/koiita/Downloads/ai-meterial/research/phase_2/models/gnn_formation_energy_grouped_v1.pt
  Candidate domain (refractory_carbide_v1): C,Cr,Hf,Mo,Nb,Ta,Ti,V,W,Zr
  Encoded: MP_mp-1217128 (Ti4WC5)  E=-0.650
  Encoded: MP_mp-1217115 (Ti3WC4)  E=-0.608
  Encoded: MP_mp-1215364 (Zr4WC5)  E=-0.607
  Encoded: MP_mp-1224191 (HfWC2)  E=-0.423
  Encoded: MP_mp-1217819 (TaTiWC3)  E=-0.413

  Decoding 5 latent vectors ...
  Building known-composition index for novelty screening ...
/Users/koiita/Downloads/ai-meterial/.conda/lib/python3.11/functools.py:1001: UserWarning: No Pauling electronegativity for Ne. Setting to NaN. This has no physical meaning, and is mainly done to avoid errors caused by the code expecting a float.
  val = self.func(instance)
/Users/koiita/Downloads/ai-meterial/.conda/lib/python3.11/functools.py:1001: UserWarning: No Pauling electronegativity for He. Setting to NaN. This has no physical meaning, and is mainly done to avoid errors caused by the code expecting a float.
  val = self.func(instance)
/Users/koiita/Downloads/ai-meterial/.conda/lib/python3.11/functools.py:1001: UserWarning: No Pauling electronegativity for Ar. Setting to NaN. This has no physical meaning, and is mainly done to avoid errors caused by the code expecting a float.
  val = self.func(instance)
  Known reduced compositions: 95,647
  Chemistry screen: accepted 0/5; rejected 5 {'unchanged_from_prototype': 3, 'known_composition': 2}

  Generated 0 candidates:

============================================================
PHASE 3: VALIDATION — GNN scoring and ranking
============================================================
  GNN loaded from /Users/koiita/Downloads/ai-meterial/research/phase_2/models/gnn_formation_energy_grouped_v1.pt

  Filtering 0 candidates ...
  Stable candidates (E_form < 0.5 eV/atom): 0

  Top 5 most stable candidates:

  Results saved:
    Manifest: /Users/koiita/Downloads/ai-meterial/research/phase_2/generation/output/w_c_campaign_smoke_v1/runs/seed_43/generation_manifest.csv
    Summary:  /Users/koiita/Downloads/ai-meterial/research/phase_2/generation/output/w_c_campaign_smoke_v1/runs/seed_43/generation_summary.json
  Total time: 27.9s

============================================================
FINAL RESULT: 0 validated candidates
============================================================
